// Jest Snapshot v1, https://goo.gl/fbAQLP

exports[`BackButton compare snapshot 1`] = `
<View
  accessibilityRole="button"
  accessibilityState={
    {
      "busy": undefined,
      "checked": undefined,
      "disabled": undefined,
      "expanded": undefined,
      "selected": undefined,
    }
  }
  accessibilityValue={
    {
      "max": undefined,
      "min": undefined,
      "now": undefined,
      "text": undefined,
    }
  }
  accessible={true}
  collapsable={false}
  focusable={true}
  onClick={[Function]}
  onResponderGrant={[Function]}
  onResponderMove={[Function]}
  onResponderRelease={[Function]}
  onResponderTerminate={[Function]}
  onResponderTerminationRequest={[Function]}
  onStartShouldSetResponder={[Function]}
  style={
    {
      "alignItems": "center",
      "flexDirection": "row",
      "justifyContent": "center",
      "opacity": 1,
    }
  }
  testID="back-btn"
>
  <Text />
  <View
    style={
      [
        undefined,
        undefined,
        undefined,
        undefined,
        undefined,
        undefined,
        undefined,
        undefined,
        [
          {
            "backgroundColor": "transparent",
            "height": 8,
            "width": 8,
          },
          undefined,
        ],
      ]
    }
    testID="padder-view"
  />
  <Text
    body={true}
    style={
      [
        {
          "backgroundColor": "transparent",
          "color": "#20303C",
          "writingDirection": "ltr",
        },
        undefined,
        undefined,
        undefined,
        undefined,
        {},
        {
          "textAlign": "center",
        },
        undefined,
        undefined,
        undefined,
      ]
    }
  >
    Back
  </Text>
</View>
`;
